// Jest Snapshot v1, https://goo.gl/fbAQLP

exports[`asyncFunction async 1`] = `40`;
