// Jest Snapshot v1, https://goo.gl/fbAQLP

exports[`test 1`] = `
<button
  type="button"
>
  add post
</button>
`;
