// Jest Snapshot v1, https://goo.gl/fbAQLP

exports[`test 1`] = `
<button
  data-testid="add-posts-btn"
  type="button"
>
  add post
</button>
`;
